                                                           The SAS System                         12:54 Wednesday, June 11, 2014   1

                                                         The LASR Procedure

                                                      Performance Information

                                             Host Node                  bs-ap-04.lul.se
                                             Install Location           /opt/TKGrid    
                                             Execution Mode             Distributed    
                                             Grid Mode                  Symmetric      
                                             Number of Compute Nodes    7              
                                                           The SAS System                         12:54 Wednesday, June 11, 2014   2

                                                         The LASR Procedure

                                                      Performance Information

                                             Host Node                  bs-ap-04.lul.se
                                             Execution Mode             Distributed    
                                             Grid Mode                  Symmetric      
                                             Number of Compute Nodes    7              
